{
  "scores": {
    "choreography_timing": 92,
    "wardrobe": 88,
    "background": 72,
    "camera_framing": 70,
    "retro_low_budget_dance_video_look": 78
  },
  "overall": 80,
  "pass_nearly_perfect": false,
  "observed_deductions": {
    "choreography_timing": [
      {
        "deduction": 5,
        "observation": "The sampled pose sequence is largely matched, including the repeated pointing stances and jump/knee-lift beats, but several frames show small differences in arm height, hand blur, and leg extension compared with A."
      },
      {
        "deduction": 3,
        "observation": "Some jump frames in B are hard to verify fully because the upper body/head area is corrupted or cropped, reducing confidence that the full pose is faithfully reproduced."
      }
    ],
    "wardrobe": [
      {
        "deduction": 4,
        "observation": "The general costume is correct: black fedora, sunglasses, yellow/black patterned shirt, black shiny pants, and black shoes/boots. However, the shirt pattern is not identical and appears reorganized in places."
      },
      {
        "deduction": 8,
        "observation": "In multiple jump frames, the hat/head/upper-shirt area is obscured by vertical gold/brown artifacts, so the wardrobe is partially missing or distorted there."
      }
    ],
    "background": [
      {
        "deduction": 12,
        "observation": "A has a clean white/very light gray seamless studio background, while B has a cooler bluish-white tint with visible vertical panel-like bands."
      },
      {
        "deduction": 10,
        "observation": "Several frames in B contain conspicuous vertical brown/gold stripe artifacts near or over the dancer, not present in A."
      },
      {
        "deduction": 6,
        "observation": "B shows more visible floor shading/shadowing and background variation than the flatter source."
      }
    ],
    "camera_framing": [
      {
        "deduction": 18,
        "observation": "In multiple high-jump frames, B crops or corrupts the dancer's head/hat area at the top edge, whereas A keeps the performer readable as a whole figure."
      },
      {
        "deduction": 7,
        "observation": "B appears slightly differently scaled/framed in some cells, with less headroom and occasional top-edge intrusion."
      },
      {
        "deduction": 5,
        "observation": "The vertical artifact bars make the upper-frame composition materially different from A in several sampled moments."
      }
    ],
    "retro_low_budget_dance_video_look": [
      {
        "deduction": 8,
        "observation": "B preserves the simple studio dance-video setup and similar costume, but the cooler, cleaner bluish background differs from A's flatter white/gray low-budget look."
      },
      {
        "deduction": 14,
        "observation": "The obvious top-edge/gold-bar generation artifacts break the intended retro video aesthetic and look like regeneration errors rather than period-style imperfections."
      }
    ]
  },
  "summary": "B follows the source choreography and costume closely in most sampled frames, especially the repeated pointing poses and jump beats. The main differences are not identity/face changes but significant visual artifacts: several jump frames have the head/hat area cropped or replaced by vertical brown/gold bars, and the background changes from a plain white/gray studio to a cooler bluish paneled look. These prevent a nearly perfect score.",
  "uncertainty_due_to_sampled_frames": "Moderate. The 30 contact-sheet frames show strong pose correspondence, but frames are spaced at 1/6 second, so unsampled motion between frames could contain additional timing or artifact differences not visible here."
}
