celery base dafa59643296dd91079f complete
celery base complete undefined
celery engaged 45bb864d126bfa9b92bc complete
celery engaged complete undefined
celery face 52c864d3d2d62fdd4542 complete
celery face complete undefined
oyster base 8bd1aab01f6b6e238f66 complete
oyster base complete undefined
oyster face 520c31bb73d608eaff60 complete
oyster face complete undefined
tayne base 51bc6fca5dd161716516 complete
tayne base complete undefined
tayne intro 8f3360b79058120ba234 complete
tayne intro complete undefined
tayne sway b88279be7f2f7faaaeae complete
tayne sway complete undefined
tayne flarhgunnstow 29dda5518fa36e913b3f complete
tayne flarhgunnstow complete undefined
mozzarell base 9d0fe34fe9b5c7308279 complete
mozzarell base complete undefined
mozzarell face cb3c3ef00dafcfd9ba02 complete
mozzarell face complete undefined
tayne hat 0dd4b43651a9e090c856 complete
tayne hat complete undefined
