celery face 52c864d3d2d62fdd4542 complete
celery face complete undefined
oyster base 3e71f845786d3388708b complete
oyster base complete undefined
celery base 3099a37f7b4d29e5a6e8 complete
celery base complete undefined
celery engaged bb5b4646fbe2ae375597 complete
celery engaged complete undefined
tayne base ca322bfb8810a6b5d9ef complete
tayne base complete undefined
oyster face 520c31bb73d608eaff60 complete
oyster face complete undefined
tayne sway 4dafb40d5a32f54dbd6e working
tayne intro b86d56962d2cf183a228 complete
tayne intro complete undefined
tayne hat f99e0585d23737c0482f complete
tayne hat complete undefined
tayne flarhgunnstow 72a51506a74c1a1b6cab complete
tayne flarhgunnstow complete undefined
tayne sway error {"detail":[{"loc":["body"],"msg":"The input was rejected, No complete upper body detected in the video; ensure the upper body is clearly visible.","type":"input_value_error","url":"https://docs.fal.ai/errors#input_value_error","input":{"prompt":"The person from the supplied identity frame performs the exact reference choreography. Preserve face, costume, background, camera and timing. No new objects, no camera movement.","image_url":"https://v3b.fal.media/files/b/0aacde8b/rYYiypqgwP5qbs30vdWax_ePUuM7XJ.png","video_url":"https://v3b.fal.media/files/b/0aacde8d/OxebW4JlqFKIFfGegsGrr_motion.mp4","keep_original_sound":false,"character_orientation":"video","elements":null}}]}
